// Jest Snapshot v1, https://goo.gl/fbAQLP

exports[`Radio Radio checked 1`] = `
<div
  class="za-radio-group"
>
  <a
    aria-disabled="false"
    class="za-button za-radio theme-primary size-xs bordered"
    role="button"
  >
    <input
      class="za-radio-input"
      type="radio"
      value="0"
    />
    选项一
  </a>
  <a
    aria-disabled="false"
    class="za-button za-radio theme-primary size-xs"
    role="button"
  >
    <input
      checked=""
      class="za-radio-input"
      type="radio"
      value="1"
    />
    选项二
  </a>
  <a
    aria-disabled="false"
    class="za-button za-radio theme-primary size-xs bordered"
    role="button"
  >
    <input
      class="za-radio-input"
      type="radio"
      value="2"
    />
    选项三
  </a>
</div>
`;

exports[`Radio defaultValue 1`] = `
<div
  class="za-radio-group"
>
  <a
    aria-disabled="false"
    class="za-button za-radio theme-primary size-xs bordered"
    role="button"
  >
    <input
      class="za-radio-input"
      type="radio"
      value="0"
    />
    选项一
  </a>
  <a
    aria-disabled="false"
    class="za-button za-radio theme-primary size-xs"
    role="button"
  >
    <input
      checked=""
      class="za-radio-input"
      type="radio"
      value="1"
    />
    选项二
  </a>
  <a
    aria-disabled="false"
    class="za-button za-radio theme-primary size-xs bordered"
    role="button"
  >
    <input
      class="za-radio-input"
      type="radio"
      value="2"
    />
    选项三
  </a>
</div>
`;

exports[`Radio renders correctly 1`] = `
<div
  class="za-radio-group"
>
  <a
    aria-disabled="false"
    class="za-button za-radio theme-primary size-xs"
    role="button"
  >
    <input
      checked=""
      class="za-radio-input"
      type="radio"
      value="0"
    />
    选项一
  </a>
  <a
    aria-disabled="false"
    class="za-button za-radio theme-primary size-xs bordered"
    role="button"
  >
    <input
      class="za-radio-input"
      type="radio"
      value="1"
    />
    选项二
  </a>
  <a
    aria-disabled="false"
    class="za-button za-radio theme-primary size-xs bordered"
    role="button"
  >
    <input
      class="za-radio-input"
      type="radio"
      value="2"
    />
    选项三
  </a>
</div>
`;

exports[`Radio type is cell 1`] = `
<div
  className="za-radio-group"
>
  <Radio
    block={false}
    checked={false}
    className={null}
    defaultChecked={false}
    disabled={false}
    onChange={[Function]}
    prefixCls="za-radio"
    theme="primary"
    type="cell"
    value="0"
  >
    选项一
  </Radio>
  <Radio
    block={false}
    checked={false}
    className={null}
    defaultChecked={false}
    disabled={false}
    onChange={[Function]}
    prefixCls="za-radio"
    theme="primary"
    type="cell"
    value="1"
  >
    选项二
  </Radio>
  <Radio
    block={false}
    checked={false}
    className={null}
    defaultChecked={false}
    disabled={true}
    onChange={[Function]}
    prefixCls="za-radio"
    theme="primary"
    type="cell"
    value="2"
  >
    选项三
  </Radio>
</div>
`;
