// Jest Snapshot v1, https://goo.gl/fbAQLP

exports[`ActionSheet renders correctly 1`] = `
<ActionSheet
  actions={
    Array [
      Object {
        "onClick": [MockFunction],
        "text": "操作一",
      },
      Object {
        "onClick": [MockFunction],
        "text": "操作二",
      },
      Object {
        "onClick": [MockFunction],
        "text": "操作三",
        "theme": "error",
      },
    ]
  }
  cancelText="取消"
  onMaskClick={[MockFunction]}
  prefixCls="za-action-sheet"
  spacing={false}
  visible={true}
>
  <Popup
    onMaskClick={[MockFunction]}
    visible={true}
  />
</ActionSheet>
`;
