// Jest Snapshot v1, https://goo.gl/fbAQLP

exports[`Confirm renders correctly 1`] = `
<div
  class="za-modal za-confirm za-modal--radius"
  style="-webkit-animation-duration:200ms;animation-duration:200ms"
>
  <div
    class="za-modal__wrapper"
  >
    <div
      class="za-modal__dialog"
      style="width:70%;-webkit-animation-duration:200ms;animation-duration:200ms"
    >
      <div
        class="za-modal__header"
      >
        <div
          class="za-modal__header__title"
        >
          确认信息
        </div>
      </div>
      <div
        class="za-modal__body za-confirm__body"
      >
        你确定要这样做吗？
      </div>
      <div
        class="za-modal__footer za-confirm__footer"
      >
        <div
          class="za-confirm__footer__button"
        >
          Cancel
        </div>
        <div
          class="za-confirm__footer__button za-confirm__footer__button--ok"
        >
          OK
        </div>
      </div>
    </div>
  </div>
  <div
    class="za-mask za-mask--normal"
  />
</div>
`;
