// Jest Snapshot v1, https://goo.gl/fbAQLP

exports[`Picker renders correctly 1`] = `
<div
  class="za-picker"
>
  <div
    class="za-picker-input za-picker-placeholder"
  >
    <input
      type="hidden"
      value=""
    />
    请选择
  </div>
  <div
    class="za-picker-container"
  >
    <div
      class="za-popup za-popup-hidden za-popup-inner"
    >
      <div
        class="za-popup-wrapper za-popup-wrapper-bottom"
        style="-webkit-transition-duration:200ms;transition-duration:200ms;"
      >
        <div
          class="za-picker-wrapper"
        >
          <div
            class="za-picker-header"
          >
            <div
              class="za-picker-cancel"
            >
              取消
            </div>
            <div
              class="za-picker-title"
            >
              请选择
            </div>
            <div
              class="za-picker-submit"
            >
              确定
            </div>
          </div>
          <div
            class="za-picker-mask-top"
          >
            <div
              class="za-picker-mask-bottom"
            >
              <div
                class="za-picker-column-group"
              >
                <div
                  class="za-picker-column-group-item"
                >
                  <div
                    class="za-picker-cascader"
                  >
                    <div
                      class="za-picker-cascader-indicator"
                    />
                    <div
                      class="za-picker-cascader-content"
                    >
                      <div
                        class="za-picker-cascader-item za-picker-cascader-item-selected"
                      >
                        选项一
                      </div>
                      <div
                        class="za-picker-cascader-item"
                      >
                        选项二
                      </div>
                    </div>
                  </div>
                </div>
              </div>
            </div>
          </div>
        </div>
      </div>
    </div>
  </div>
</div>
`;
