// Jest Snapshot v1, https://goo.gl/fbAQLP

exports[`Toast renders correctly 1`] = `
<div
  className="za-toast"
>
  <div
    className="za-toast-container"
  >
    foo
  </div>
  <Mask
    className={null}
    onClose={[Function]}
    prefixCls="za-mask"
    type="transparent"
    visible={false}
  />
</div>
`;
