// Jest Snapshot v1, https://goo.gl/fbAQLP

exports[`NoticeBar closable 1`] = `
<react-native-mock>
  <react-native-mock />
  <react-native-mock>
    <react-native-mock>
      <react-native-mock>
        <react-native-mock />
      </react-native-mock>
      <react-native-mock>
        <react-native-mock>
          Photos
        </react-native-mock>
      </react-native-mock>
      <react-native-mock />
    </react-native-mock>
  </react-native-mock>
</react-native-mock>
`;

exports[`NoticeBar onClick 1`] = `
<react-native-mock>
  <react-native-mock />
  <react-native-mock>
    <react-native-mock>
      <react-native-mock>
        <react-native-mock />
      </react-native-mock>
      <react-native-mock>
        <react-native-mock>
          Photos
        </react-native-mock>
      </react-native-mock>
      <react-native-mock />
    </react-native-mock>
  </react-native-mock>
</react-native-mock>
`;

exports[`NoticeBar renders correctly 1`] = `
<react-native-mock>
  <react-native-mock />
  <react-native-mock>
    <react-native-mock>
      <react-native-mock>
        <react-native-mock />
      </react-native-mock>
      <react-native-mock>
        <react-native-mock>
          Photos
        </react-native-mock>
      </react-native-mock>
      <react-native-mock />
    </react-native-mock>
  </react-native-mock>
</react-native-mock>
`;

exports[`NoticeBar scroll 1`] = `
<react-native-mock>
  <react-native-mock />
  <react-native-mock>
    <react-native-mock>
      <react-native-mock>
        <react-native-mock />
      </react-native-mock>
      <react-native-mock>
        <react-native-mock>
          Photos
        </react-native-mock>
      </react-native-mock>
      <react-native-mock />
    </react-native-mock>
  </react-native-mock>
</react-native-mock>
`;

exports[`NoticeBar theme 1`] = `
<react-native-mock>
  <react-native-mock />
  <react-native-mock>
    <react-native-mock>
      <react-native-mock>
        <react-native-mock />
      </react-native-mock>
      <react-native-mock>
        <react-native-mock>
          Photos
        </react-native-mock>
      </react-native-mock>
      <react-native-mock />
    </react-native-mock>
  </react-native-mock>
</react-native-mock>
`;
