// Jest Snapshot v1, https://goo.gl/fbAQLP

exports[`FakeInput renders correctly 1`] = `
<article
  class="za-fakeinput"
>
  <div
    class="fake-input placeholder"
    placeholder="请输入手机号"
    style="width: 100%; min-width: 150px;"
  >
  </div>
  <div
    tabindex="-1"
    class="refer-input"
  >
  </div>
</article>
`;
