// Jest Snapshot v1, https://goo.gl/fbAQLP

exports[`Calendar calendar render 1`] = `
<CalendarView
  dateRender={[Function]}
  defaultValue="2018-08-07"
  disabledDate={[Function]}
  max="2018-10-02"
  min="2018-05-06"
  multiple={false}
  prefixCls="za-calendar"
>
  <div
    className="za-calendar"
  >
    <ul
      className="za-calendar__bar"
    >
      <li
        className="za-calendar__bar__item"
        key="日"
      >
        日
      </li>
      <li
        className="za-calendar__bar__item"
        key="一"
      >
        一
      </li>
      <li
        className="za-calendar__bar__item"
        key="二"
      >
        二
      </li>
      <li
        className="za-calendar__bar__item"
        key="三"
      >
        三
      </li>
      <li
        className="za-calendar__bar__item"
        key="四"
      >
        四
      </li>
      <li
        className="za-calendar__bar__item"
        key="五"
      >
        五
      </li>
      <li
        className="za-calendar__bar__item"
        key="六"
      >
        六
      </li>
    </ul>
    <section
      className="za-calendar__body"
    >
      <CalendarMonthView
        dateMonth={2018-05-06T04:00:00.000Z}
        dateRender={[Function]}
        disabledDate={[Function]}
        key="2018-4"
        max={2018-10-02T04:00:00.000Z}
        min={2018-05-06T04:00:00.000Z}
        onDateClick={[Function]}
        prefixCls="za-calendar"
        value={
          Array [
            2018-08-07T04:00:00.000Z,
          ]
        }
      >
        <section
          className="za-calendar__month"
          key="2018-4"
          title="2018年5月"
        >
          <ul>
            <li
              className="za-calendar__day za-calendar__day--disabled firstday-2"
              key="2018-4-1"
              onClick={[Function]}
            >
              <div
                className="za-calendar__day__content"
              >
                1
              </div>
            </li>
            <li
              className="za-calendar__day za-calendar__day--disabled"
              key="2018-4-2"
              onClick={[Function]}
            >
              <div
                className="za-calendar__day__content"
              >
                2
              </div>
            </li>
            <li
              className="za-calendar__day za-calendar__day--disabled"
              key="2018-4-3"
              onClick={[Function]}
            >
              <div
                className="za-calendar__day__content"
              >
                3
              </div>
            </li>
            <li
              className="za-calendar__day za-calendar__day--disabled"
              key="2018-4-4"
              onClick={[Function]}
            >
              <div
                className="za-calendar__day__content"
              >
                4
              </div>
            </li>
            <li
              className="za-calendar__day d6 za-calendar__day--disabled"
              key="2018-4-5"
              onClick={[Function]}
            >
              <div
                className="za-calendar__day__content"
              >
                5
              </div>
            </li>
            <li
              className="za-calendar__day d7"
              key="2018-4-6"
              onClick={[Function]}
            >
              <div
                className="za-calendar__day__content"
              >
                6
              </div>
            </li>
            <li
              className="za-calendar__day"
              key="2018-4-7"
              onClick={[Function]}
            >
              <div
                className="za-calendar__day__content"
              >
                7
              </div>
            </li>
            <li
              className="za-calendar__day"
              key="2018-4-8"
              onClick={[Function]}
            >
              <div
                className="za-calendar__day__content"
              >
                8
              </div>
            </li>
            <li
              className="za-calendar__day"
              key="2018-4-9"
              onClick={[Function]}
            >
              <div
                className="za-calendar__day__content"
              >
                9
              </div>
            </li>
            <li
              className="za-calendar__day"
              key="2018-4-10"
              onClick={[Function]}
            >
              <div
                className="za-calendar__day__content"
              >
                10
              </div>
            </li>
            <li
              className="za-calendar__day"
              key="2018-4-11"
              onClick={[Function]}
            >
              <div
                className="za-calendar__day__content"
              >
                11
              </div>
            </li>
            <li
              className="za-calendar__day d6"
              key="2018-4-12"
              onClick={[Function]}
            >
              <div
                className="za-calendar__day__content"
              >
                12
              </div>
            </li>
            <li
              className="za-calendar__day d7"
              key="2018-4-13"
              onClick={[Function]}
            >
              <div
                className="za-calendar__day__content"
              >
                13
              </div>
            </li>
            <li
              className="za-calendar__day"
              key="2018-4-14"
              onClick={[Function]}
            >
              <div
                className="za-calendar__day__content"
              >
                14
              </div>
            </li>
            <li
              className="za-calendar__day"
              key="2018-4-15"
              onClick={[Function]}
            >
              <div
                className="za-calendar__day__content"
              >
                15
              </div>
            </li>
            <li
              className="za-calendar__day"
              key="2018-4-16"
              onClick={[Function]}
            >
              <div
                className="za-calendar__day__content"
              >
                16
              </div>
            </li>
            <li
              className="za-calendar__day"
              key="2018-4-17"
              onClick={[Function]}
            >
              <div
                className="za-calendar__day__content"
              >
                17
              </div>
            </li>
            <li
              className="za-calendar__day"
              key="2018-4-18"
              onClick={[Function]}
            >
              <div
                className="za-calendar__day__content"
              >
                18
              </div>
            </li>
            <li
              className="za-calendar__day d6"
              key="2018-4-19"
              onClick={[Function]}
            >
              <div
                className="za-calendar__day__content"
              >
                19
              </div>
            </li>
            <li
              className="za-calendar__day d7"
              key="2018-4-20"
              onClick={[Function]}
            >
              <div
                className="za-calendar__day__content"
              >
                20
              </div>
            </li>
            <li
              className="za-calendar__day"
              key="2018-4-21"
              onClick={[Function]}
            >
              <div
                className="za-calendar__day__content"
              >
                21
              </div>
            </li>
            <li
              className="za-calendar__day"
              key="2018-4-22"
              onClick={[Function]}
            >
              <div
                className="za-calendar__day__content"
              >
                22
              </div>
            </li>
            <li
              className="za-calendar__day"
              key="2018-4-23"
              onClick={[Function]}
            >
              <div
                className="za-calendar__day__content"
              >
                23
              </div>
            </li>
            <li
              className="za-calendar__day"
              key="2018-4-24"
              onClick={[Function]}
            >
              <div
                className="za-calendar__day__content"
              >
                24
              </div>
            </li>
            <li
              className="za-calendar__day"
              key="2018-4-25"
              onClick={[Function]}
            >
              <div
                className="za-calendar__day__content"
              >
                25
              </div>
            </li>
            <li
              className="za-calendar__day d6"
              key="2018-4-26"
              onClick={[Function]}
            >
              <div
                className="za-calendar__day__content"
              >
                26
              </div>
            </li>
            <li
              className="za-calendar__day d7"
              key="2018-4-27"
              onClick={[Function]}
            >
              <div
                className="za-calendar__day__content"
              >
                27
              </div>
            </li>
            <li
              className="za-calendar__day"
              key="2018-4-28"
              onClick={[Function]}
            >
              <div
                className="za-calendar__day__content"
              >
                28
              </div>
            </li>
            <li
              className="za-calendar__day"
              key="2018-4-29"
              onClick={[Function]}
            >
              <div
                className="za-calendar__day__content"
              >
                29
              </div>
            </li>
            <li
              className="za-calendar__day"
              key="2018-4-30"
              onClick={[Function]}
            >
              <div
                className="za-calendar__day__content"
              >
                30
              </div>
            </li>
            <li
              className="za-calendar__day"
              key="2018-4-31"
              onClick={[Function]}
            >
              <div
                className="za-calendar__day__content"
              >
                31
              </div>
            </li>
          </ul>
        </section>
      </CalendarMonthView>
      <CalendarMonthView
        dateMonth={2018-06-06T04:00:00.000Z}
        dateRender={[Function]}
        disabledDate={[Function]}
        key="2018-5"
        max={2018-10-02T04:00:00.000Z}
        min={2018-05-06T04:00:00.000Z}
        onDateClick={[Function]}
        prefixCls="za-calendar"
        value={
          Array [
            2018-08-07T04:00:00.000Z,
          ]
        }
      >
        <section
          className="za-calendar__month"
          key="2018-5"
          title="2018年6月"
        >
          <ul>
            <li
              className="za-calendar__day firstday-5"
              key="2018-5-1"
              onClick={[Function]}
            >
              <div
                className="za-calendar__day__content"
              >
                1
              </div>
            </li>
            <li
              className="za-calendar__day d6"
              key="2018-5-2"
              onClick={[Function]}
            >
              <div
                className="za-calendar__day__content"
              >
                2
              </div>
            </li>
            <li
              className="za-calendar__day d7"
              key="2018-5-3"
              onClick={[Function]}
            >
              <div
                className="za-calendar__day__content"
              >
                3
              </div>
            </li>
            <li
              className="za-calendar__day"
              key="2018-5-4"
              onClick={[Function]}
            >
              <div
                className="za-calendar__day__content"
              >
                4
              </div>
            </li>
            <li
              className="za-calendar__day"
              key="2018-5-5"
              onClick={[Function]}
            >
              <div
                className="za-calendar__day__content"
              >
                5
              </div>
            </li>
            <li
              className="za-calendar__day"
              key="2018-5-6"
              onClick={[Function]}
            >
              <div
                className="za-calendar__day__content"
              >
                6
              </div>
            </li>
            <li
              className="za-calendar__day"
              key="2018-5-7"
              onClick={[Function]}
            >
              <div
                className="za-calendar__day__content"
              >
                7
              </div>
            </li>
            <li
              className="za-calendar__day"
              key="2018-5-8"
              onClick={[Function]}
            >
              <div
                className="za-calendar__day__content"
              >
                8
              </div>
            </li>
            <li
              className="za-calendar__day d6"
              key="2018-5-9"
              onClick={[Function]}
            >
              <div
                className="za-calendar__day__content"
              >
                9
              </div>
            </li>
            <li
              className="za-calendar__day d7"
              key="2018-5-10"
              onClick={[Function]}
            >
              <div
                className="za-calendar__day__content"
              >
                10
              </div>
            </li>
            <li
              className="za-calendar__day"
              key="2018-5-11"
              onClick={[Function]}
            >
              <div
                className="za-calendar__day__content"
              >
                11
              </div>
            </li>
            <li
              className="za-calendar__day"
              key="2018-5-12"
              onClick={[Function]}
            >
              <div
                className="za-calendar__day__content"
              >
                12
              </div>
            </li>
            <li
              className="za-calendar__day"
              key="2018-5-13"
              onClick={[Function]}
            >
              <div
                className="za-calendar__day__content"
              >
                13
              </div>
            </li>
            <li
              className="za-calendar__day"
              key="2018-5-14"
              onClick={[Function]}
            >
              <div
                className="za-calendar__day__content"
              >
                14
              </div>
            </li>
            <li
              className="za-calendar__day"
              key="2018-5-15"
              onClick={[Function]}
            >
              <div
                className="za-calendar__day__content"
              >
                15
              </div>
            </li>
            <li
              className="za-calendar__day d6"
              key="2018-5-16"
              onClick={[Function]}
            >
              <div
                className="za-calendar__day__content"
              >
                16
              </div>
            </li>
            <li
              className="za-calendar__day d7"
              key="2018-5-17"
              onClick={[Function]}
            >
              <div
                className="za-calendar__day__content"
              >
                17
              </div>
            </li>
            <li
              className="za-calendar__day"
              key="2018-5-18"
              onClick={[Function]}
            >
              <div
                className="za-calendar__day__content"
              >
                18
              </div>
            </li>
            <li
              className="za-calendar__day"
              key="2018-5-19"
              onClick={[Function]}
            >
              <div
                className="za-calendar__day__content"
              >
                19
              </div>
            </li>
            <li
              className="za-calendar__day"
              key="2018-5-20"
              onClick={[Function]}
            >
              <div
                className="za-calendar__day__content"
              >
                20
              </div>
            </li>
            <li
              className="za-calendar__day"
              key="2018-5-21"
              onClick={[Function]}
            >
              <div
                className="za-calendar__day__content"
              >
                21
              </div>
            </li>
            <li
              className="za-calendar__day"
              key="2018-5-22"
              onClick={[Function]}
            >
              <div
                className="za-calendar__day__content"
              >
                22
              </div>
            </li>
            <li
              className="za-calendar__day d6"
              key="2018-5-23"
              onClick={[Function]}
            >
              <div
                className="za-calendar__day__content"
              >
                23
              </div>
            </li>
            <li
              className="za-calendar__day d7"
              key="2018-5-24"
              onClick={[Function]}
            >
              <div
                className="za-calendar__day__content"
              >
                24
              </div>
            </li>
            <li
              className="za-calendar__day"
              key="2018-5-25"
              onClick={[Function]}
            >
              <div
                className="za-calendar__day__content"
              >
                25
              </div>
            </li>
            <li
              className="za-calendar__day"
              key="2018-5-26"
              onClick={[Function]}
            >
              <div
                className="za-calendar__day__content"
              >
                26
              </div>
            </li>
            <li
              className="za-calendar__day"
              key="2018-5-27"
              onClick={[Function]}
            >
              <div
                className="za-calendar__day__content"
              >
                27
              </div>
            </li>
            <li
              className="za-calendar__day"
              key="2018-5-28"
              onClick={[Function]}
            >
              <div
                className="za-calendar__day__content"
              >
                28
              </div>
            </li>
            <li
              className="za-calendar__day"
              key="2018-5-29"
              onClick={[Function]}
            >
              <div
                className="za-calendar__day__content"
              >
                29
              </div>
            </li>
            <li
              className="za-calendar__day d6"
              key="2018-5-30"
              onClick={[Function]}
            >
              <div
                className="za-calendar__day__content"
              >
                30
              </div>
            </li>
          </ul>
        </section>
      </CalendarMonthView>
      <CalendarMonthView
        dateMonth={2018-07-06T04:00:00.000Z}
        dateRender={[Function]}
        disabledDate={[Function]}
        key="2018-6"
        max={2018-10-02T04:00:00.000Z}
        min={2018-05-06T04:00:00.000Z}
        onDateClick={[Function]}
        prefixCls="za-calendar"
        value={
          Array [
            2018-08-07T04:00:00.000Z,
          ]
        }
      >
        <section
          className="za-calendar__month"
          key="2018-6"
          title="2018年7月"
        >
          <ul>
            <li
              className="za-calendar__day d7"
              key="2018-6-1"
              onClick={[Function]}
            >
              <div
                className="za-calendar__day__content"
              >
                1
              </div>
            </li>
            <li
              className="za-calendar__day"
              key="2018-6-2"
              onClick={[Function]}
            >
              <div
                className="za-calendar__day__content"
              >
                2
              </div>
            </li>
            <li
              className="za-calendar__day"
              key="2018-6-3"
              onClick={[Function]}
            >
              <div
                className="za-calendar__day__content"
              >
                3
              </div>
            </li>
            <li
              className="za-calendar__day"
              key="2018-6-4"
              onClick={[Function]}
            >
              <div
                className="za-calendar__day__content"
              >
                4
              </div>
            </li>
            <li
              className="za-calendar__day"
              key="2018-6-5"
              onClick={[Function]}
            >
              <div
                className="za-calendar__day__content"
              >
                5
              </div>
            </li>
            <li
              className="za-calendar__day"
              key="2018-6-6"
              onClick={[Function]}
            >
              <div
                className="za-calendar__day__content"
              >
                6
              </div>
            </li>
            <li
              className="za-calendar__day d6"
              key="2018-6-7"
              onClick={[Function]}
            >
              <div
                className="za-calendar__day__content"
              >
                7
              </div>
            </li>
            <li
              className="za-calendar__day d7"
              key="2018-6-8"
              onClick={[Function]}
            >
              <div
                className="za-calendar__day__content"
              >
                8
              </div>
            </li>
            <li
              className="za-calendar__day"
              key="2018-6-9"
              onClick={[Function]}
            >
              <div
                className="za-calendar__day__content"
              >
                9
              </div>
            </li>
            <li
              className="za-calendar__day"
              key="2018-6-10"
              onClick={[Function]}
            >
              <div
                className="za-calendar__day__content"
              >
                10
              </div>
            </li>
            <li
              className="za-calendar__day"
              key="2018-6-11"
              onClick={[Function]}
            >
              <div
                className="za-calendar__day__content"
              >
                11
              </div>
            </li>
            <li
              className="za-calendar__day"
              key="2018-6-12"
              onClick={[Function]}
            >
              <div
                className="za-calendar__day__content"
              >
                12
              </div>
            </li>
            <li
              className="za-calendar__day"
              key="2018-6-13"
              onClick={[Function]}
            >
              <div
                className="za-calendar__day__content"
              >
                13
              </div>
            </li>
            <li
              className="za-calendar__day d6"
              key="2018-6-14"
              onClick={[Function]}
            >
              <div
                className="za-calendar__day__content"
              >
                14
              </div>
            </li>
            <li
              className="za-calendar__day d7"
              key="2018-6-15"
              onClick={[Function]}
            >
              <div
                className="za-calendar__day__content"
              >
                15
              </div>
            </li>
            <li
              className="za-calendar__day"
              key="2018-6-16"
              onClick={[Function]}
            >
              <div
                className="za-calendar__day__content"
              >
                16
              </div>
            </li>
            <li
              className="za-calendar__day"
              key="2018-6-17"
              onClick={[Function]}
            >
              <div
                className="za-calendar__day__content"
              >
                17
              </div>
            </li>
            <li
              className="za-calendar__day"
              key="2018-6-18"
              onClick={[Function]}
            >
              <div
                className="za-calendar__day__content"
              >
                18
              </div>
            </li>
            <li
              className="za-calendar__day"
              key="2018-6-19"
              onClick={[Function]}
            >
              <div
                className="za-calendar__day__content"
              >
                19
              </div>
            </li>
            <li
              className="za-calendar__day"
              key="2018-6-20"
              onClick={[Function]}
            >
              <div
                className="za-calendar__day__content"
              >
                20
              </div>
            </li>
            <li
              className="za-calendar__day d6"
              key="2018-6-21"
              onClick={[Function]}
            >
              <div
                className="za-calendar__day__content"
              >
                21
              </div>
            </li>
            <li
              className="za-calendar__day d7"
              key="2018-6-22"
              onClick={[Function]}
            >
              <div
                className="za-calendar__day__content"
              >
                22
              </div>
            </li>
            <li
              className="za-calendar__day"
              key="2018-6-23"
              onClick={[Function]}
            >
              <div
                className="za-calendar__day__content"
              >
                23
              </div>
            </li>
            <li
              className="za-calendar__day"
              key="2018-6-24"
              onClick={[Function]}
            >
              <div
                className="za-calendar__day__content"
              >
                24
              </div>
            </li>
            <li
              className="za-calendar__day"
              key="2018-6-25"
              onClick={[Function]}
            >
              <div
                className="za-calendar__day__content"
              >
                25
              </div>
            </li>
            <li
              className="za-calendar__day"
              key="2018-6-26"
              onClick={[Function]}
            >
              <div
                className="za-calendar__day__content"
              >
                26
              </div>
            </li>
            <li
              className="za-calendar__day"
              key="2018-6-27"
              onClick={[Function]}
            >
              <div
                className="za-calendar__day__content"
              >
                27
              </div>
            </li>
            <li
              className="za-calendar__day d6"
              key="2018-6-28"
              onClick={[Function]}
            >
              <div
                className="za-calendar__day__content"
              >
                28
              </div>
            </li>
            <li
              className="za-calendar__day d7"
              key="2018-6-29"
              onClick={[Function]}
            >
              <div
                className="za-calendar__day__content"
              >
                29
              </div>
            </li>
            <li
              className="za-calendar__day"
              key="2018-6-30"
              onClick={[Function]}
            >
              <div
                className="za-calendar__day__content"
              >
                30
              </div>
            </li>
            <li
              className="za-calendar__day"
              key="2018-6-31"
              onClick={[Function]}
            >
              <div
                className="za-calendar__day__content"
              >
                31
              </div>
            </li>
          </ul>
        </section>
      </CalendarMonthView>
      <CalendarMonthView
        dateMonth={2018-08-06T04:00:00.000Z}
        dateRender={[Function]}
        disabledDate={[Function]}
        key="2018-7"
        max={2018-10-02T04:00:00.000Z}
        min={2018-05-06T04:00:00.000Z}
        onDateClick={[Function]}
        prefixCls="za-calendar"
        value={
          Array [
            2018-08-07T04:00:00.000Z,
          ]
        }
      >
        <section
          className="za-calendar__month"
          key="2018-7"
          title="2018年8月"
        >
          <ul>
            <li
              className="za-calendar__day firstday-3"
              key="2018-7-1"
              onClick={[Function]}
            >
              <div
                className="za-calendar__day__content"
              >
                1
              </div>
            </li>
            <li
              className="za-calendar__day"
              key="2018-7-2"
              onClick={[Function]}
            >
              <div
                className="za-calendar__day__content"
              >
                2
              </div>
            </li>
            <li
              className="za-calendar__day"
              key="2018-7-3"
              onClick={[Function]}
            >
              <div
                className="za-calendar__day__content"
              >
                3
              </div>
            </li>
            <li
              className="za-calendar__day d6"
              key="2018-7-4"
              onClick={[Function]}
            >
              <div
                className="za-calendar__day__content"
              >
                4
              </div>
            </li>
            <li
              className="za-calendar__day d7"
              key="2018-7-5"
              onClick={[Function]}
            >
              <div
                className="za-calendar__day__content"
              >
                5
              </div>
            </li>
            <li
              className="za-calendar__day"
              key="2018-7-6"
              onClick={[Function]}
            >
              <div
                className="za-calendar__day__content"
              >
                6
              </div>
            </li>
            <li
              className="za-calendar__day za-calendar__day--selected"
              key="2018-7-7"
              onClick={[Function]}
            >
              <div
                className="za-calendar__day__content"
              >
                7
              </div>
            </li>
            <li
              className="za-calendar__day"
              key="2018-7-8"
              onClick={[Function]}
            >
              <div
                className="za-calendar__day__content"
              >
                8
              </div>
            </li>
            <li
              className="za-calendar__day"
              key="2018-7-9"
              onClick={[Function]}
            >
              <div
                className="za-calendar__day__content"
              >
                9
              </div>
            </li>
            <li
              className="za-calendar__day"
              key="2018-7-10"
              onClick={[Function]}
            >
              <div
                className="za-calendar__day__content"
              >
                10
              </div>
            </li>
            <li
              className="za-calendar__day d6"
              key="2018-7-11"
              onClick={[Function]}
            >
              <div
                className="za-calendar__day__content"
              >
                11
              </div>
            </li>
            <li
              className="za-calendar__day d7"
              key="2018-7-12"
              onClick={[Function]}
            >
              <div
                className="za-calendar__day__content"
              >
                12
              </div>
            </li>
            <li
              className="za-calendar__day"
              key="2018-7-13"
              onClick={[Function]}
            >
              <div
                className="za-calendar__day__content"
              >
                13
              </div>
            </li>
            <li
              className="za-calendar__day"
              key="2018-7-14"
              onClick={[Function]}
            >
              <div
                className="za-calendar__day__content"
              >
                14
              </div>
            </li>
            <li
              className="za-calendar__day"
              key="2018-7-15"
              onClick={[Function]}
            >
              <div
                className="za-calendar__day__content"
              >
                15
              </div>
            </li>
            <li
              className="za-calendar__day"
              key="2018-7-16"
              onClick={[Function]}
            >
              <div
                className="za-calendar__day__content"
              >
                16
              </div>
            </li>
            <li
              className="za-calendar__day"
              key="2018-7-17"
              onClick={[Function]}
            >
              <div
                className="za-calendar__day__content"
              >
                17
              </div>
            </li>
            <li
              className="za-calendar__day d6"
              key="2018-7-18"
              onClick={[Function]}
            >
              <div
                className="za-calendar__day__content"
              >
                18
              </div>
            </li>
            <li
              className="za-calendar__day d7"
              key="2018-7-19"
              onClick={[Function]}
            >
              <div
                className="za-calendar__day__content"
              >
                19
              </div>
            </li>
            <li
              className="za-calendar__day"
              key="2018-7-20"
              onClick={[Function]}
            >
              <div
                className="za-calendar__day__content"
              >
                20
              </div>
            </li>
            <li
              className="za-calendar__day"
              key="2018-7-21"
              onClick={[Function]}
            >
              <div
                className="za-calendar__day__content"
              >
                21
              </div>
            </li>
            <li
              className="za-calendar__day"
              key="2018-7-22"
              onClick={[Function]}
            >
              <div
                className="za-calendar__day__content"
              >
                22
              </div>
            </li>
            <li
              className="za-calendar__day"
              key="2018-7-23"
              onClick={[Function]}
            >
              <div
                className="za-calendar__day__content"
              >
                23
              </div>
            </li>
            <li
              className="za-calendar__day"
              key="2018-7-24"
              onClick={[Function]}
            >
              <div
                className="za-calendar__day__content"
              >
                24
              </div>
            </li>
            <li
              className="za-calendar__day d6"
              key="2018-7-25"
              onClick={[Function]}
            >
              <div
                className="za-calendar__day__content"
              >
                25
              </div>
            </li>
            <li
              className="za-calendar__day d7"
              key="2018-7-26"
              onClick={[Function]}
            >
              <div
                className="za-calendar__day__content"
              >
                26
              </div>
            </li>
            <li
              className="za-calendar__day"
              key="2018-7-27"
              onClick={[Function]}
            >
              <div
                className="za-calendar__day__content"
              >
                27
              </div>
            </li>
            <li
              className="za-calendar__day"
              key="2018-7-28"
              onClick={[Function]}
            >
              <div
                className="za-calendar__day__content"
              >
                28
              </div>
            </li>
            <li
              className="za-calendar__day"
              key="2018-7-29"
              onClick={[Function]}
            >
              <div
                className="za-calendar__day__content"
              >
                29
              </div>
            </li>
            <li
              className="za-calendar__day"
              key="2018-7-30"
              onClick={[Function]}
            >
              <div
                className="za-calendar__day__content"
              >
                30
              </div>
            </li>
            <li
              className="za-calendar__day"
              key="2018-7-31"
              onClick={[Function]}
            >
              <div
                className="za-calendar__day__content"
              >
                31
              </div>
            </li>
          </ul>
        </section>
      </CalendarMonthView>
      <CalendarMonthView
        dateMonth={2018-09-06T04:00:00.000Z}
        dateRender={[Function]}
        disabledDate={[Function]}
        key="2018-8"
        max={2018-10-02T04:00:00.000Z}
        min={2018-05-06T04:00:00.000Z}
        onDateClick={[Function]}
        prefixCls="za-calendar"
        value={
          Array [
            2018-08-07T04:00:00.000Z,
          ]
        }
      >
        <section
          className="za-calendar__month"
          key="2018-8"
          title="2018年9月"
        >
          <ul>
            <li
              className="za-calendar__day d6 firstday-6"
              key="2018-8-1"
              onClick={[Function]}
            >
              <div
                className="za-calendar__day__content"
              >
                1
              </div>
            </li>
            <li
              className="za-calendar__day d7"
              key="2018-8-2"
              onClick={[Function]}
            >
              <div
                className="za-calendar__day__content"
              >
                2
              </div>
            </li>
            <li
              className="za-calendar__day"
              key="2018-8-3"
              onClick={[Function]}
            >
              <div
                className="za-calendar__day__content"
              >
                3
              </div>
            </li>
            <li
              className="za-calendar__day"
              key="2018-8-4"
              onClick={[Function]}
            >
              <div
                className="za-calendar__day__content"
              >
                4
              </div>
            </li>
            <li
              className="za-calendar__day"
              key="2018-8-5"
              onClick={[Function]}
            >
              <div
                className="za-calendar__day__content"
              >
                5
              </div>
            </li>
            <li
              className="za-calendar__day"
              key="2018-8-6"
              onClick={[Function]}
            >
              <div
                className="za-calendar__day__content"
              >
                6
              </div>
            </li>
            <li
              className="za-calendar__day"
              key="2018-8-7"
              onClick={[Function]}
            >
              <div
                className="za-calendar__day__content"
              >
                7
              </div>
            </li>
            <li
              className="za-calendar__day d6"
              key="2018-8-8"
              onClick={[Function]}
            >
              <div
                className="za-calendar__day__content"
              >
                8
              </div>
            </li>
            <li
              className="za-calendar__day d7"
              key="2018-8-9"
              onClick={[Function]}
            >
              <div
                className="za-calendar__day__content"
              >
                9
              </div>
            </li>
            <li
              className="za-calendar__day"
              key="2018-8-10"
              onClick={[Function]}
            >
              <div
                className="za-calendar__day__content"
              >
                10
              </div>
            </li>
            <li
              className="za-calendar__day"
              key="2018-8-11"
              onClick={[Function]}
            >
              <div
                className="za-calendar__day__content"
              >
                11
              </div>
            </li>
            <li
              className="za-calendar__day"
              key="2018-8-12"
              onClick={[Function]}
            >
              <div
                className="za-calendar__day__content"
              >
                12
              </div>
            </li>
            <li
              className="za-calendar__day"
              key="2018-8-13"
              onClick={[Function]}
            >
              <div
                className="za-calendar__day__content"
              >
                13
              </div>
            </li>
            <li
              className="za-calendar__day"
              key="2018-8-14"
              onClick={[Function]}
            >
              <div
                className="za-calendar__day__content"
              >
                14
              </div>
            </li>
            <li
              className="za-calendar__day d6"
              key="2018-8-15"
              onClick={[Function]}
            >
              <div
                className="za-calendar__day__content"
              >
                15
              </div>
            </li>
            <li
              className="za-calendar__day d7"
              key="2018-8-16"
              onClick={[Function]}
            >
              <div
                className="za-calendar__day__content"
              >
                16
              </div>
            </li>
            <li
              className="za-calendar__day"
              key="2018-8-17"
              onClick={[Function]}
            >
              <div
                className="za-calendar__day__content"
              >
                17
              </div>
            </li>
            <li
              className="za-calendar__day"
              key="2018-8-18"
              onClick={[Function]}
            >
              <div
                className="za-calendar__day__content"
              >
                18
              </div>
            </li>
            <li
              className="za-calendar__day"
              key="2018-8-19"
              onClick={[Function]}
            >
              <div
                className="za-calendar__day__content"
              >
                19
              </div>
            </li>
            <li
              className="za-calendar__day"
              key="2018-8-20"
              onClick={[Function]}
            >
              <div
                className="za-calendar__day__content"
              >
                20
              </div>
            </li>
            <li
              className="za-calendar__day"
              key="2018-8-21"
              onClick={[Function]}
            >
              <div
                className="za-calendar__day__content"
              >
                21
              </div>
            </li>
            <li
              className="za-calendar__day d6"
              key="2018-8-22"
              onClick={[Function]}
            >
              <div
                className="za-calendar__day__content"
              >
                22
              </div>
            </li>
            <li
              className="za-calendar__day d7"
              key="2018-8-23"
              onClick={[Function]}
            >
              <div
                className="za-calendar__day__content"
              >
                23
              </div>
            </li>
            <li
              className="za-calendar__day"
              key="2018-8-24"
              onClick={[Function]}
            >
              <div
                className="za-calendar__day__content"
              >
                24
              </div>
            </li>
            <li
              className="za-calendar__day"
              key="2018-8-25"
              onClick={[Function]}
            >
              <div
                className="za-calendar__day__content"
              >
                25
              </div>
            </li>
            <li
              className="za-calendar__day"
              key="2018-8-26"
              onClick={[Function]}
            >
              <div
                className="za-calendar__day__content"
              >
                26
              </div>
            </li>
            <li
              className="za-calendar__day"
              key="2018-8-27"
              onClick={[Function]}
            >
              <div
                className="za-calendar__day__content"
              >
                27
              </div>
            </li>
            <li
              className="za-calendar__day"
              key="2018-8-28"
              onClick={[Function]}
            >
              <div
                className="za-calendar__day__content"
              >
                28
              </div>
            </li>
            <li
              className="za-calendar__day d6"
              key="2018-8-29"
              onClick={[Function]}
            >
              <div
                className="za-calendar__day__content"
              >
                29
              </div>
            </li>
            <li
              className="za-calendar__day d7"
              key="2018-8-30"
              onClick={[Function]}
            >
              <div
                className="za-calendar__day__content"
              >
                30
              </div>
            </li>
          </ul>
        </section>
      </CalendarMonthView>
      <CalendarMonthView
        dateMonth={2018-10-06T04:00:00.000Z}
        dateRender={[Function]}
        disabledDate={[Function]}
        key="2018-9"
        max={2018-10-02T04:00:00.000Z}
        min={2018-05-06T04:00:00.000Z}
        onDateClick={[Function]}
        prefixCls="za-calendar"
        value={
          Array [
            2018-08-07T04:00:00.000Z,
          ]
        }
      >
        <section
          className="za-calendar__month"
          key="2018-9"
          title="2018年10月"
        >
          <ul>
            <li
              className="za-calendar__day firstday-1"
              key="2018-9-1"
              onClick={[Function]}
            >
              <div
                className="za-calendar__day__content"
              >
                1
              </div>
            </li>
            <li
              className="za-calendar__day"
              key="2018-9-2"
              onClick={[Function]}
            >
              <div
                className="za-calendar__day__content"
              >
                2
              </div>
            </li>
            <li
              className="za-calendar__day za-calendar__day--disabled"
              key="2018-9-3"
              onClick={[Function]}
            >
              <div
                className="za-calendar__day__content"
              >
                3
              </div>
            </li>
            <li
              className="za-calendar__day za-calendar__day--disabled"
              key="2018-9-4"
              onClick={[Function]}
            >
              <div
                className="za-calendar__day__content"
              >
                4
              </div>
            </li>
            <li
              className="za-calendar__day za-calendar__day--disabled"
              key="2018-9-5"
              onClick={[Function]}
            >
              <div
                className="za-calendar__day__content"
              >
                5
              </div>
            </li>
            <li
              className="za-calendar__day d6 za-calendar__day--disabled"
              key="2018-9-6"
              onClick={[Function]}
            >
              <div
                className="za-calendar__day__content"
              >
                6
              </div>
            </li>
            <li
              className="za-calendar__day d7 za-calendar__day--disabled"
              key="2018-9-7"
              onClick={[Function]}
            >
              <div
                className="za-calendar__day__content"
              >
                7
              </div>
            </li>
            <li
              className="za-calendar__day za-calendar__day--disabled"
              key="2018-9-8"
              onClick={[Function]}
            >
              <div
                className="za-calendar__day__content"
              >
                8
              </div>
            </li>
            <li
              className="za-calendar__day za-calendar__day--disabled"
              key="2018-9-9"
              onClick={[Function]}
            >
              <div
                className="za-calendar__day__content"
              >
                9
              </div>
            </li>
            <li
              className="za-calendar__day za-calendar__day--disabled"
              key="2018-9-10"
              onClick={[Function]}
            >
              <div
                className="za-calendar__day__content"
              >
                10
              </div>
            </li>
            <li
              className="za-calendar__day za-calendar__day--disabled"
              key="2018-9-11"
              onClick={[Function]}
            >
              <div
                className="za-calendar__day__content"
              >
                11
              </div>
            </li>
            <li
              className="za-calendar__day za-calendar__day--disabled"
              key="2018-9-12"
              onClick={[Function]}
            >
              <div
                className="za-calendar__day__content"
              >
                12
              </div>
            </li>
            <li
              className="za-calendar__day d6 za-calendar__day--disabled"
              key="2018-9-13"
              onClick={[Function]}
            >
              <div
                className="za-calendar__day__content"
              >
                13
              </div>
            </li>
            <li
              className="za-calendar__day d7 za-calendar__day--disabled"
              key="2018-9-14"
              onClick={[Function]}
            >
              <div
                className="za-calendar__day__content"
              >
                14
              </div>
            </li>
            <li
              className="za-calendar__day za-calendar__day--disabled"
              key="2018-9-15"
              onClick={[Function]}
            >
              <div
                className="za-calendar__day__content"
              >
                15
              </div>
            </li>
            <li
              className="za-calendar__day za-calendar__day--disabled"
              key="2018-9-16"
              onClick={[Function]}
            >
              <div
                className="za-calendar__day__content"
              >
                16
              </div>
            </li>
            <li
              className="za-calendar__day za-calendar__day--disabled"
              key="2018-9-17"
              onClick={[Function]}
            >
              <div
                className="za-calendar__day__content"
              >
                17
              </div>
            </li>
            <li
              className="za-calendar__day za-calendar__day--disabled"
              key="2018-9-18"
              onClick={[Function]}
            >
              <div
                className="za-calendar__day__content"
              >
                18
              </div>
            </li>
            <li
              className="za-calendar__day za-calendar__day--disabled"
              key="2018-9-19"
              onClick={[Function]}
            >
              <div
                className="za-calendar__day__content"
              >
                19
              </div>
            </li>
            <li
              className="za-calendar__day d6 za-calendar__day--disabled"
              key="2018-9-20"
              onClick={[Function]}
            >
              <div
                className="za-calendar__day__content"
              >
                20
              </div>
            </li>
            <li
              className="za-calendar__day d7 za-calendar__day--disabled"
              key="2018-9-21"
              onClick={[Function]}
            >
              <div
                className="za-calendar__day__content"
              >
                21
              </div>
            </li>
            <li
              className="za-calendar__day za-calendar__day--disabled"
              key="2018-9-22"
              onClick={[Function]}
            >
              <div
                className="za-calendar__day__content"
              >
                22
              </div>
            </li>
            <li
              className="za-calendar__day za-calendar__day--disabled"
              key="2018-9-23"
              onClick={[Function]}
            >
              <div
                className="za-calendar__day__content"
              >
                23
              </div>
            </li>
            <li
              className="za-calendar__day za-calendar__day--disabled"
              key="2018-9-24"
              onClick={[Function]}
            >
              <div
                className="za-calendar__day__content"
              >
                24
              </div>
            </li>
            <li
              className="za-calendar__day za-calendar__day--disabled"
              key="2018-9-25"
              onClick={[Function]}
            >
              <div
                className="za-calendar__day__content"
              >
                25
              </div>
            </li>
            <li
              className="za-calendar__day za-calendar__day--disabled"
              key="2018-9-26"
              onClick={[Function]}
            >
              <div
                className="za-calendar__day__content"
              >
                26
              </div>
            </li>
            <li
              className="za-calendar__day d6 za-calendar__day--disabled"
              key="2018-9-27"
              onClick={[Function]}
            >
              <div
                className="za-calendar__day__content"
              >
                27
              </div>
            </li>
            <li
              className="za-calendar__day d7 za-calendar__day--disabled"
              key="2018-9-28"
              onClick={[Function]}
            >
              <div
                className="za-calendar__day__content"
              >
                28
              </div>
            </li>
            <li
              className="za-calendar__day za-calendar__day--disabled"
              key="2018-9-29"
              onClick={[Function]}
            >
              <div
                className="za-calendar__day__content"
              >
                29
              </div>
            </li>
            <li
              className="za-calendar__day za-calendar__day--disabled"
              key="2018-9-30"
              onClick={[Function]}
            >
              <div
                className="za-calendar__day__content"
              >
                30
              </div>
            </li>
            <li
              className="za-calendar__day za-calendar__day--disabled"
              key="2018-9-31"
              onClick={[Function]}
            >
              <div
                className="za-calendar__day__content"
              >
                31
              </div>
            </li>
          </ul>
        </section>
      </CalendarMonthView>
    </section>
  </div>
</CalendarView>
`;
