// Jest Snapshot v1, https://goo.gl/fbAQLP

exports[`DatePicker DatePicker trigger maskClick 1`] = `
<DatePicker
  cancelText="取消"
  defaultValue=""
  disabled={false}
  minuteStep={1}
  mode="date"
  okText="确定"
  onCancel={[Function]}
  onInit={[Function]}
  onMaskClick={[MockFunction]}
  placeholder="请选择"
  prefixCls="za-picker"
  title="请选择"
  value="2009-3-4"
  valueMember="value"
  visible={true}
>
  <Popup
    onMaskClick={[Function]}
    visible={true}
  />
</DatePicker>
`;
