// Jest Snapshot v1, https://goo.gl/fbAQLP

exports[`KeyboardPicker renders correctly 1`] = `
<KeyboardPicker
  destroy={true}
  prefixCls="za-keyboard-picker"
  type="number"
  visible={false}
>
  <ForwardRef(ForwardedRefComp)
    destroy={true}
    mask={false}
    visible={false}
  >
    <WarnIfDeprecatedComp
      destroy={true}
      forwardedRef={null}
      mask={false}
      visible={false}
    >
      <Popup
        destroy={true}
        mask={false}
        prefixCls="za-popup"
        visible={false}
      />
    </WarnIfDeprecatedComp>
  </ForwardRef(ForwardedRefComp)>
</KeyboardPicker>
`;
