// Jest Snapshot v1, https://goo.gl/fbAQLP

exports[`Calendar Calendar render 1`] = `
<div
  class="za-calendar-view"
>
  <ul
    class="week-bar"
  >
    <li
      class="week-bar-item"
    >
      日
    </li>
    <li
      class="week-bar-item"
    >
      一
    </li>
    <li
      class="week-bar-item"
    >
      二
    </li>
    <li
      class="week-bar-item"
    >
      三
    </li>
    <li
      class="week-bar-item"
    >
      四
    </li>
    <li
      class="week-bar-item"
    >
      五
    </li>
    <li
      class="week-bar-item"
    >
      六
    </li>
  </ul>
  <section
    class="month-box"
  >
    <div
      class="month-wrapper"
    >
      <section
        class="comp-month-content"
        id="2018-4"
        title="2018年5月"
      >
        <ul>
          <li
            class="comp-day-item disabled"
            style="margin-left:28.57142%"
          >
            <div
              class="comp-day-detail"
            >
              1
            </div>
          </li>
          <li
            class="comp-day-item disabled"
          >
            <div
              class="comp-day-detail"
            >
              2
            </div>
          </li>
          <li
            class="comp-day-item disabled"
          >
            <div
              class="comp-day-detail"
            >
              3
            </div>
          </li>
          <li
            class="comp-day-item disabled"
          >
            <div
              class="comp-day-detail"
            >
              4
            </div>
          </li>
          <li
            class="comp-day-item d6 disabled"
          >
            <div
              class="comp-day-detail"
            >
              5
            </div>
          </li>
          <li
            class="comp-day-item d7"
          >
            <div
              class="comp-day-detail"
            >
              6
            </div>
          </li>
          <li
            class="comp-day-item"
          >
            <div
              class="comp-day-detail"
            >
              7
            </div>
          </li>
          <li
            class="comp-day-item"
          >
            <div
              class="comp-day-detail"
            >
              8
            </div>
          </li>
          <li
            class="comp-day-item"
          >
            <div
              class="comp-day-detail"
            >
              9
            </div>
          </li>
          <li
            class="comp-day-item"
          >
            <div
              class="comp-day-detail"
            >
              10
            </div>
          </li>
          <li
            class="comp-day-item"
          >
            <div
              class="comp-day-detail"
            >
              11
            </div>
          </li>
          <li
            class="comp-day-item d6"
          >
            <div
              class="comp-day-detail"
            >
              12
            </div>
          </li>
          <li
            class="comp-day-item d7"
          >
            <div
              class="comp-day-detail"
            >
              13
            </div>
          </li>
          <li
            class="comp-day-item"
          >
            <div
              class="comp-day-detail"
            >
              14
            </div>
          </li>
          <li
            class="comp-day-item"
          >
            <div
              class="comp-day-detail"
            >
              15
            </div>
          </li>
          <li
            class="comp-day-item"
          >
            <div
              class="comp-day-detail"
            >
              16
            </div>
          </li>
          <li
            class="comp-day-item"
          >
            <div
              class="comp-day-detail"
            >
              17
            </div>
          </li>
          <li
            class="comp-day-item"
          >
            <div
              class="comp-day-detail"
            >
              18
            </div>
          </li>
          <li
            class="comp-day-item d6"
          >
            <div
              class="comp-day-detail"
            >
              19
            </div>
          </li>
          <li
            class="comp-day-item d7"
          >
            <div
              class="comp-day-detail"
            >
              20
            </div>
          </li>
          <li
            class="comp-day-item"
          >
            <div
              class="comp-day-detail"
            >
              21
            </div>
          </li>
          <li
            class="comp-day-item"
          >
            <div
              class="comp-day-detail"
            >
              22
            </div>
          </li>
          <li
            class="comp-day-item"
          >
            <div
              class="comp-day-detail"
            >
              23
            </div>
          </li>
          <li
            class="comp-day-item"
          >
            <div
              class="comp-day-detail"
            >
              24
            </div>
          </li>
          <li
            class="comp-day-item"
          >
            <div
              class="comp-day-detail"
            >
              25
            </div>
          </li>
          <li
            class="comp-day-item d6"
          >
            <div
              class="comp-day-detail"
            >
              26
            </div>
          </li>
          <li
            class="comp-day-item d7"
          >
            <div
              class="comp-day-detail"
            >
              27
            </div>
          </li>
          <li
            class="comp-day-item"
          >
            <div
              class="comp-day-detail"
            >
              28
            </div>
          </li>
          <li
            class="comp-day-item"
          >
            <div
              class="comp-day-detail"
            >
              29
            </div>
          </li>
          <li
            class="comp-day-item"
          >
            <div
              class="comp-day-detail"
            >
              30
            </div>
          </li>
          <li
            class="comp-day-item"
          >
            <div
              class="comp-day-detail"
            >
              31
            </div>
          </li>
        </ul>
      </section>
      <section
        class="comp-month-content"
        id="2018-5"
        title="2018年6月"
      >
        <ul>
          <li
            class="comp-day-item"
            style="margin-left:71.42855%"
          >
            <div
              class="comp-day-detail"
            >
              1
            </div>
          </li>
          <li
            class="comp-day-item d6"
          >
            <div
              class="comp-day-detail"
            >
              2
            </div>
          </li>
          <li
            class="comp-day-item d7"
          >
            <div
              class="comp-day-detail"
            >
              3
            </div>
          </li>
          <li
            class="comp-day-item"
          >
            <div
              class="comp-day-detail"
            >
              4
            </div>
          </li>
          <li
            class="comp-day-item"
          >
            <div
              class="comp-day-detail"
            >
              5
            </div>
          </li>
          <li
            class="comp-day-item"
          >
            <div
              class="comp-day-detail"
            >
              6
            </div>
          </li>
          <li
            class="comp-day-item"
          >
            <div
              class="comp-day-detail"
            >
              7
            </div>
          </li>
          <li
            class="comp-day-item"
          >
            <div
              class="comp-day-detail"
            >
              8
            </div>
          </li>
          <li
            class="comp-day-item d6"
          >
            <div
              class="comp-day-detail"
            >
              9
            </div>
          </li>
          <li
            class="comp-day-item d7"
          >
            <div
              class="comp-day-detail"
            >
              10
            </div>
          </li>
          <li
            class="comp-day-item"
          >
            <div
              class="comp-day-detail"
            >
              11
            </div>
          </li>
          <li
            class="comp-day-item"
          >
            <div
              class="comp-day-detail"
            >
              12
            </div>
          </li>
          <li
            class="comp-day-item"
          >
            <div
              class="comp-day-detail"
            >
              13
            </div>
          </li>
          <li
            class="comp-day-item"
          >
            <div
              class="comp-day-detail"
            >
              14
            </div>
          </li>
          <li
            class="comp-day-item"
          >
            <div
              class="comp-day-detail"
            >
              15
            </div>
          </li>
          <li
            class="comp-day-item d6"
          >
            <div
              class="comp-day-detail"
            >
              16
            </div>
          </li>
          <li
            class="comp-day-item d7"
          >
            <div
              class="comp-day-detail"
            >
              17
            </div>
          </li>
          <li
            class="comp-day-item"
          >
            <div
              class="comp-day-detail"
            >
              18
            </div>
          </li>
          <li
            class="comp-day-item"
          >
            <div
              class="comp-day-detail"
            >
              19
            </div>
          </li>
          <li
            class="comp-day-item"
          >
            <div
              class="comp-day-detail"
            >
              20
            </div>
          </li>
          <li
            class="comp-day-item"
          >
            <div
              class="comp-day-detail"
            >
              21
            </div>
          </li>
          <li
            class="comp-day-item"
          >
            <div
              class="comp-day-detail"
            >
              22
            </div>
          </li>
          <li
            class="comp-day-item d6"
          >
            <div
              class="comp-day-detail"
            >
              23
            </div>
          </li>
          <li
            class="comp-day-item d7"
          >
            <div
              class="comp-day-detail"
            >
              24
            </div>
          </li>
          <li
            class="comp-day-item"
          >
            <div
              class="comp-day-detail"
            >
              25
            </div>
          </li>
          <li
            class="comp-day-item"
          >
            <div
              class="comp-day-detail"
            >
              26
            </div>
          </li>
          <li
            class="comp-day-item"
          >
            <div
              class="comp-day-detail"
            >
              27
            </div>
          </li>
          <li
            class="comp-day-item"
          >
            <div
              class="comp-day-detail"
            >
              28
            </div>
          </li>
          <li
            class="comp-day-item"
          >
            <div
              class="comp-day-detail"
            >
              29
            </div>
          </li>
          <li
            class="comp-day-item d6"
          >
            <div
              class="comp-day-detail"
            >
              30
            </div>
          </li>
        </ul>
      </section>
      <section
        class="comp-month-content"
        id="2018-6"
        title="2018年7月"
      >
        <ul>
          <li
            class="comp-day-item d7"
            style="margin-left:0%"
          >
            <div
              class="comp-day-detail"
            >
              1
            </div>
          </li>
          <li
            class="comp-day-item"
          >
            <div
              class="comp-day-detail"
            >
              2
            </div>
          </li>
          <li
            class="comp-day-item"
          >
            <div
              class="comp-day-detail"
            >
              3
            </div>
          </li>
          <li
            class="comp-day-item"
          >
            <div
              class="comp-day-detail"
            >
              4
            </div>
          </li>
          <li
            class="comp-day-item"
          >
            <div
              class="comp-day-detail"
            >
              5
            </div>
          </li>
          <li
            class="comp-day-item"
          >
            <div
              class="comp-day-detail"
            >
              6
            </div>
          </li>
          <li
            class="comp-day-item d6"
          >
            <div
              class="comp-day-detail"
            >
              7
            </div>
          </li>
          <li
            class="comp-day-item d7"
          >
            <div
              class="comp-day-detail"
            >
              8
            </div>
          </li>
          <li
            class="comp-day-item"
          >
            <div
              class="comp-day-detail"
            >
              9
            </div>
          </li>
          <li
            class="comp-day-item"
          >
            <div
              class="comp-day-detail"
            >
              10
            </div>
          </li>
          <li
            class="comp-day-item"
          >
            <div
              class="comp-day-detail"
            >
              11
            </div>
          </li>
          <li
            class="comp-day-item"
          >
            <div
              class="comp-day-detail"
            >
              12
            </div>
          </li>
          <li
            class="comp-day-item"
          >
            <div
              class="comp-day-detail"
            >
              13
            </div>
          </li>
          <li
            class="comp-day-item d6"
          >
            <div
              class="comp-day-detail"
            >
              14
            </div>
          </li>
          <li
            class="comp-day-item d7"
          >
            <div
              class="comp-day-detail"
            >
              15
            </div>
          </li>
          <li
            class="comp-day-item"
          >
            <div
              class="comp-day-detail"
            >
              16
            </div>
          </li>
          <li
            class="comp-day-item"
          >
            <div
              class="comp-day-detail"
            >
              17
            </div>
          </li>
          <li
            class="comp-day-item"
          >
            <div
              class="comp-day-detail"
            >
              18
            </div>
          </li>
          <li
            class="comp-day-item"
          >
            <div
              class="comp-day-detail"
            >
              19
            </div>
          </li>
          <li
            class="comp-day-item"
          >
            <div
              class="comp-day-detail"
            >
              20
            </div>
          </li>
          <li
            class="comp-day-item d6"
          >
            <div
              class="comp-day-detail"
            >
              21
            </div>
          </li>
          <li
            class="comp-day-item d7"
          >
            <div
              class="comp-day-detail"
            >
              22
            </div>
          </li>
          <li
            class="comp-day-item"
          >
            <div
              class="comp-day-detail"
            >
              23
            </div>
          </li>
          <li
            class="comp-day-item"
          >
            <div
              class="comp-day-detail"
            >
              24
            </div>
          </li>
          <li
            class="comp-day-item"
          >
            <div
              class="comp-day-detail"
            >
              25
            </div>
          </li>
          <li
            class="comp-day-item"
          >
            <div
              class="comp-day-detail"
            >
              26
            </div>
          </li>
          <li
            class="comp-day-item"
          >
            <div
              class="comp-day-detail"
            >
              27
            </div>
          </li>
          <li
            class="comp-day-item d6"
          >
            <div
              class="comp-day-detail"
            >
              28
            </div>
          </li>
          <li
            class="comp-day-item d7"
          >
            <div
              class="comp-day-detail"
            >
              29
            </div>
          </li>
          <li
            class="comp-day-item"
          >
            <div
              class="comp-day-detail"
            >
              30
            </div>
          </li>
          <li
            class="comp-day-item"
          >
            <div
              class="comp-day-detail"
            >
              31
            </div>
          </li>
        </ul>
      </section>
      <section
        class="comp-month-content"
        id="2018-7"
        title="2018年8月"
      >
        <ul>
          <li
            class="comp-day-item"
            style="margin-left:42.85713%"
          >
            <div
              class="comp-day-detail"
            >
              1
            </div>
          </li>
          <li
            class="comp-day-item"
          >
            <div
              class="comp-day-detail"
            >
              2
            </div>
          </li>
          <li
            class="comp-day-item"
          >
            <div
              class="comp-day-detail"
            >
              3
            </div>
          </li>
          <li
            class="comp-day-item d6"
          >
            <div
              class="comp-day-detail"
            >
              4
            </div>
          </li>
          <li
            class="comp-day-item d7"
          >
            <div
              class="comp-day-detail"
            >
              5
            </div>
          </li>
          <li
            class="comp-day-item"
          >
            <div
              class="comp-day-detail"
            >
              6
            </div>
          </li>
          <li
            class="comp-day-item selected"
          >
            <div
              class="comp-day-detail"
            >
              7
            </div>
          </li>
          <li
            class="comp-day-item"
          >
            <div
              class="comp-day-detail"
            >
              8
            </div>
          </li>
          <li
            class="comp-day-item"
          >
            <div
              class="comp-day-detail"
            >
              9
            </div>
          </li>
          <li
            class="comp-day-item"
          >
            <div
              class="comp-day-detail"
            >
              10
            </div>
          </li>
          <li
            class="comp-day-item d6"
          >
            <div
              class="comp-day-detail"
            >
              11
            </div>
          </li>
          <li
            class="comp-day-item d7"
          >
            <div
              class="comp-day-detail"
            >
              12
            </div>
          </li>
          <li
            class="comp-day-item"
          >
            <div
              class="comp-day-detail"
            >
              13
            </div>
          </li>
          <li
            class="comp-day-item"
          >
            <div
              class="comp-day-detail"
            >
              14
            </div>
          </li>
          <li
            class="comp-day-item"
          >
            <div
              class="comp-day-detail"
            >
              15
            </div>
          </li>
          <li
            class="comp-day-item"
          >
            <div
              class="comp-day-detail"
            >
              16
            </div>
          </li>
          <li
            class="comp-day-item"
          >
            <div
              class="comp-day-detail"
            >
              17
            </div>
          </li>
          <li
            class="comp-day-item d6"
          >
            <div
              class="comp-day-detail"
            >
              18
            </div>
          </li>
          <li
            class="comp-day-item d7"
          >
            <div
              class="comp-day-detail"
            >
              19
            </div>
          </li>
          <li
            class="comp-day-item"
          >
            <div
              class="comp-day-detail"
            >
              20
            </div>
          </li>
          <li
            class="comp-day-item"
          >
            <div
              class="comp-day-detail"
            >
              21
            </div>
          </li>
          <li
            class="comp-day-item"
          >
            <div
              class="comp-day-detail"
            >
              22
            </div>
          </li>
          <li
            class="comp-day-item"
          >
            <div
              class="comp-day-detail"
            >
              23
            </div>
          </li>
          <li
            class="comp-day-item"
          >
            <div
              class="comp-day-detail"
            >
              24
            </div>
          </li>
          <li
            class="comp-day-item d6"
          >
            <div
              class="comp-day-detail"
            >
              25
            </div>
          </li>
          <li
            class="comp-day-item d7"
          >
            <div
              class="comp-day-detail"
            >
              26
            </div>
          </li>
          <li
            class="comp-day-item"
          >
            <div
              class="comp-day-detail"
            >
              27
            </div>
          </li>
          <li
            class="comp-day-item"
          >
            <div
              class="comp-day-detail"
            >
              28
            </div>
          </li>
          <li
            class="comp-day-item"
          >
            <div
              class="comp-day-detail"
            >
              29
            </div>
          </li>
          <li
            class="comp-day-item"
          >
            <div
              class="comp-day-detail"
            >
              30
            </div>
          </li>
          <li
            class="comp-day-item"
          >
            <div
              class="comp-day-detail"
            >
              31
            </div>
          </li>
        </ul>
      </section>
      <section
        class="comp-month-content"
        id="2018-8"
        title="2018年9月"
      >
        <ul>
          <li
            class="comp-day-item d6"
            style="margin-left:85.71426%"
          >
            <div
              class="comp-day-detail"
            >
              1
            </div>
          </li>
          <li
            class="comp-day-item d7"
          >
            <div
              class="comp-day-detail"
            >
              2
            </div>
          </li>
          <li
            class="comp-day-item"
          >
            <div
              class="comp-day-detail"
            >
              3
            </div>
          </li>
          <li
            class="comp-day-item"
          >
            <div
              class="comp-day-detail"
            >
              4
            </div>
          </li>
          <li
            class="comp-day-item"
          >
            <div
              class="comp-day-detail"
            >
              5
            </div>
          </li>
          <li
            class="comp-day-item"
          >
            <div
              class="comp-day-detail"
            >
              6
            </div>
          </li>
          <li
            class="comp-day-item"
          >
            <div
              class="comp-day-detail"
            >
              7
            </div>
          </li>
          <li
            class="comp-day-item d6"
          >
            <div
              class="comp-day-detail"
            >
              8
            </div>
          </li>
          <li
            class="comp-day-item d7"
          >
            <div
              class="comp-day-detail"
            >
              9
            </div>
          </li>
          <li
            class="comp-day-item"
          >
            <div
              class="comp-day-detail"
            >
              10
            </div>
          </li>
          <li
            class="comp-day-item"
          >
            <div
              class="comp-day-detail"
            >
              11
            </div>
          </li>
          <li
            class="comp-day-item"
          >
            <div
              class="comp-day-detail"
            >
              12
            </div>
          </li>
          <li
            class="comp-day-item"
          >
            <div
              class="comp-day-detail"
            >
              13
            </div>
          </li>
          <li
            class="comp-day-item"
          >
            <div
              class="comp-day-detail"
            >
              14
            </div>
          </li>
          <li
            class="comp-day-item d6"
          >
            <div
              class="comp-day-detail"
            >
              15
            </div>
          </li>
          <li
            class="comp-day-item d7"
          >
            <div
              class="comp-day-detail"
            >
              16
            </div>
          </li>
          <li
            class="comp-day-item"
          >
            <div
              class="comp-day-detail"
            >
              17
            </div>
          </li>
          <li
            class="comp-day-item"
          >
            <div
              class="comp-day-detail"
            >
              18
            </div>
          </li>
          <li
            class="comp-day-item"
          >
            <div
              class="comp-day-detail"
            >
              19
            </div>
          </li>
          <li
            class="comp-day-item"
          >
            <div
              class="comp-day-detail"
            >
              20
            </div>
          </li>
          <li
            class="comp-day-item"
          >
            <div
              class="comp-day-detail"
            >
              21
            </div>
          </li>
          <li
            class="comp-day-item d6"
          >
            <div
              class="comp-day-detail"
            >
              22
            </div>
          </li>
          <li
            class="comp-day-item d7"
          >
            <div
              class="comp-day-detail"
            >
              23
            </div>
          </li>
          <li
            class="comp-day-item"
          >
            <div
              class="comp-day-detail"
            >
              24
            </div>
          </li>
          <li
            class="comp-day-item"
          >
            <div
              class="comp-day-detail"
            >
              25
            </div>
          </li>
          <li
            class="comp-day-item"
          >
            <div
              class="comp-day-detail"
            >
              26
            </div>
          </li>
          <li
            class="comp-day-item"
          >
            <div
              class="comp-day-detail"
            >
              27
            </div>
          </li>
          <li
            class="comp-day-item"
          >
            <div
              class="comp-day-detail"
            >
              28
            </div>
          </li>
          <li
            class="comp-day-item d6"
          >
            <div
              class="comp-day-detail"
            >
              29
            </div>
          </li>
          <li
            class="comp-day-item d7"
          >
            <div
              class="comp-day-detail"
            >
              30
            </div>
          </li>
        </ul>
      </section>
      <section
        class="comp-month-content"
        id="2018-9"
        title="2018年10月"
      >
        <ul>
          <li
            class="comp-day-item"
            style="margin-left:14.28571%"
          >
            <div
              class="comp-day-detail"
            >
              1
            </div>
          </li>
          <li
            class="comp-day-item"
          >
            <div
              class="comp-day-detail"
            >
              2
            </div>
          </li>
          <li
            class="comp-day-item disabled"
          >
            <div
              class="comp-day-detail"
            >
              3
            </div>
          </li>
          <li
            class="comp-day-item disabled"
          >
            <div
              class="comp-day-detail"
            >
              4
            </div>
          </li>
          <li
            class="comp-day-item disabled"
          >
            <div
              class="comp-day-detail"
            >
              5
            </div>
          </li>
          <li
            class="comp-day-item d6 disabled"
          >
            <div
              class="comp-day-detail"
            >
              6
            </div>
          </li>
          <li
            class="comp-day-item d7 disabled"
          >
            <div
              class="comp-day-detail"
            >
              7
            </div>
          </li>
          <li
            class="comp-day-item disabled"
          >
            <div
              class="comp-day-detail"
            >
              8
            </div>
          </li>
          <li
            class="comp-day-item disabled"
          >
            <div
              class="comp-day-detail"
            >
              9
            </div>
          </li>
          <li
            class="comp-day-item disabled"
          >
            <div
              class="comp-day-detail"
            >
              10
            </div>
          </li>
          <li
            class="comp-day-item disabled"
          >
            <div
              class="comp-day-detail"
            >
              11
            </div>
          </li>
          <li
            class="comp-day-item disabled"
          >
            <div
              class="comp-day-detail"
            >
              12
            </div>
          </li>
          <li
            class="comp-day-item d6 disabled"
          >
            <div
              class="comp-day-detail"
            >
              13
            </div>
          </li>
          <li
            class="comp-day-item d7 disabled"
          >
            <div
              class="comp-day-detail"
            >
              14
            </div>
          </li>
          <li
            class="comp-day-item disabled"
          >
            <div
              class="comp-day-detail"
            >
              15
            </div>
          </li>
          <li
            class="comp-day-item disabled"
          >
            <div
              class="comp-day-detail"
            >
              16
            </div>
          </li>
          <li
            class="comp-day-item disabled"
          >
            <div
              class="comp-day-detail"
            >
              17
            </div>
          </li>
          <li
            class="comp-day-item disabled"
          >
            <div
              class="comp-day-detail"
            >
              18
            </div>
          </li>
          <li
            class="comp-day-item disabled"
          >
            <div
              class="comp-day-detail"
            >
              19
            </div>
          </li>
          <li
            class="comp-day-item d6 disabled"
          >
            <div
              class="comp-day-detail"
            >
              20
            </div>
          </li>
          <li
            class="comp-day-item d7 disabled"
          >
            <div
              class="comp-day-detail"
            >
              21
            </div>
          </li>
          <li
            class="comp-day-item disabled"
          >
            <div
              class="comp-day-detail"
            >
              22
            </div>
          </li>
          <li
            class="comp-day-item disabled"
          >
            <div
              class="comp-day-detail"
            >
              23
            </div>
          </li>
          <li
            class="comp-day-item disabled"
          >
            <div
              class="comp-day-detail"
            >
              24
            </div>
          </li>
          <li
            class="comp-day-item disabled"
          >
            <div
              class="comp-day-detail"
            >
              25
            </div>
          </li>
          <li
            class="comp-day-item disabled"
          >
            <div
              class="comp-day-detail"
            >
              26
            </div>
          </li>
          <li
            class="comp-day-item d6 disabled"
          >
            <div
              class="comp-day-detail"
            >
              27
            </div>
          </li>
          <li
            class="comp-day-item d7 disabled"
          >
            <div
              class="comp-day-detail"
            >
              28
            </div>
          </li>
          <li
            class="comp-day-item disabled"
          >
            <div
              class="comp-day-detail"
            >
              29
            </div>
          </li>
          <li
            class="comp-day-item disabled"
          >
            <div
              class="comp-day-detail"
            >
              30
            </div>
          </li>
          <li
            class="comp-day-item disabled"
          >
            <div
              class="comp-day-detail"
            >
              31
            </div>
          </li>
        </ul>
      </section>
    </div>
  </section>
</div>
`;
