// Jest Snapshot v1, https://goo.gl/fbAQLP

exports[`Alert renders correctly 1`] = `
<div
  class="za-modal"
  style="-webkit-animation-duration:200ms;animation-duration:200ms;"
>
  <div
    class="za-modal-wrapper"
  >
    <div
      class="za-modal-dialog"
      style="width:70%;-webkit-animation-duration:200ms;animation-duration:200ms;"
    >
      <div
        class="za-modal-header"
      >
        <div
          class="za-modal-header-title"
        >
          警告
        </div>
      </div>
      <div
        class="za-modal-body"
      >
        <div
          class="za-alert"
        >
          这里是警告信息
        </div>
      </div>
      <div
        class="za-modal-footer"
      >
        <a
          aria-disabled="false"
          class="za-button theme-default block bordered"
          role="button"
        >
          <span>
            关闭
          </span>
        </a>
      </div>
    </div>
  </div>
  <div
    class="za-mask normal"
  />
</div>
`;
