// Jest Snapshot v1, https://goo.gl/fbAQLP

exports[`Alert renders correctly 1`] = `
initialize {
  "0": Object {
    "attribs": Object {},
    "children": Array [
      Object {
        "attribs": Object {
          "class": "za-modal",
          "style": "-webkit-animation-duration:200ms;animation-duration:200ms;",
        },
        "children": Array [
          Object {
            "attribs": Object {
              "class": "za-modal-wrapper",
            },
            "children": Array [
              Object {
                "attribs": Object {
                  "class": "za-modal-dialog",
                  "style": "width:70%;-webkit-animation-duration:200ms;animation-duration:200ms;",
                },
                "children": Array [
                  Object {
                    "attribs": Object {
                      "class": "za-modal-header",
                    },
                    "children": Array [
                      Object {
                        "attribs": Object {
                          "class": "za-modal-header-title",
                        },
                        "children": Array [
                          Object {
                            "data": "警告",
                            "next": null,
                            "parent": [Circular],
                            "prev": null,
                            "type": "text",
                          },
                        ],
                        "name": "div",
                        "next": null,
                        "parent": [Circular],
                        "prev": null,
                        "type": "tag",
                      },
                    ],
                    "name": "div",
                    "next": Object {
                      "attribs": Object {
                        "class": "za-modal-body",
                      },
                      "children": Array [
                        Object {
                          "attribs": Object {
                            "class": "za-alert",
                          },
                          "children": Array [
                            Object {
                              "data": "这里是警告信息",
                              "next": null,
                              "parent": [Circular],
                              "prev": null,
                              "type": "text",
                            },
                          ],
                          "name": "div",
                          "next": null,
                          "parent": [Circular],
                          "prev": null,
                          "type": "tag",
                        },
                      ],
                      "name": "div",
                      "next": Object {
                        "attribs": Object {
                          "class": "za-modal-footer",
                        },
                        "children": Array [
                          Object {
                            "attribs": Object {
                              "aria-disabled": "false",
                              "class": "za-button theme-default block bordered",
                              "role": "button",
                            },
                            "children": Array [
                              Object {
                                "attribs": Object {},
                                "children": Array [
                                  Object {
                                    "data": "关闭",
                                    "next": null,
                                    "parent": [Circular],
                                    "prev": null,
                                    "type": "text",
                                  },
                                ],
                                "name": "span",
                                "next": null,
                                "parent": [Circular],
                                "prev": null,
                                "type": "tag",
                              },
                            ],
                            "name": "a",
                            "next": null,
                            "parent": [Circular],
                            "prev": null,
                            "type": "tag",
                          },
                        ],
                        "name": "div",
                        "next": null,
                        "parent": [Circular],
                        "prev": [Circular],
                        "type": "tag",
                      },
                      "parent": [Circular],
                      "prev": [Circular],
                      "type": "tag",
                    },
                    "parent": [Circular],
                    "prev": null,
                    "type": "tag",
                  },
                  Object {
                    "attribs": Object {
                      "class": "za-modal-body",
                    },
                    "children": Array [
                      Object {
                        "attribs": Object {
                          "class": "za-alert",
                        },
                        "children": Array [
                          Object {
                            "data": "这里是警告信息",
                            "next": null,
                            "parent": [Circular],
                            "prev": null,
                            "type": "text",
                          },
                        ],
                        "name": "div",
                        "next": null,
                        "parent": [Circular],
                        "prev": null,
                        "type": "tag",
                      },
                    ],
                    "name": "div",
                    "next": Object {
                      "attribs": Object {
                        "class": "za-modal-footer",
                      },
                      "children": Array [
                        Object {
                          "attribs": Object {
                            "aria-disabled": "false",
                            "class": "za-button theme-default block bordered",
                            "role": "button",
                          },
                          "children": Array [
                            Object {
                              "attribs": Object {},
                              "children": Array [
                                Object {
                                  "data": "关闭",
                                  "next": null,
                                  "parent": [Circular],
                                  "prev": null,
                                  "type": "text",
                                },
                              ],
                              "name": "span",
                              "next": null,
                              "parent": [Circular],
                              "prev": null,
                              "type": "tag",
                            },
                          ],
                          "name": "a",
                          "next": null,
                          "parent": [Circular],
                          "prev": null,
                          "type": "tag",
                        },
                      ],
                      "name": "div",
                      "next": null,
                      "parent": [Circular],
                      "prev": [Circular],
                      "type": "tag",
                    },
                    "parent": [Circular],
                    "prev": Object {
                      "attribs": Object {
                        "class": "za-modal-header",
                      },
                      "children": Array [
                        Object {
                          "attribs": Object {
                            "class": "za-modal-header-title",
                          },
                          "children": Array [
                            Object {
                              "data": "警告",
                              "next": null,
                              "parent": [Circular],
                              "prev": null,
                              "type": "text",
                            },
                          ],
                          "name": "div",
                          "next": null,
                          "parent": [Circular],
                          "prev": null,
                          "type": "tag",
                        },
                      ],
                      "name": "div",
                      "next": [Circular],
                      "parent": [Circular],
                      "prev": null,
                      "type": "tag",
                    },
                    "type": "tag",
                  },
                  Object {
                    "attribs": Object {
                      "class": "za-modal-footer",
                    },
                    "children": Array [
                      Object {
                        "attribs": Object {
                          "aria-disabled": "false",
                          "class": "za-button theme-default block bordered",
                          "role": "button",
                        },
                        "children": Array [
                          Object {
                            "attribs": Object {},
                            "children": Array [
                              Object {
                                "data": "关闭",
                                "next": null,
                                "parent": [Circular],
                                "prev": null,
                                "type": "text",
                              },
                            ],
                            "name": "span",
                            "next": null,
                            "parent": [Circular],
                            "prev": null,
                            "type": "tag",
                          },
                        ],
                        "name": "a",
                        "next": null,
                        "parent": [Circular],
                        "prev": null,
                        "type": "tag",
                      },
                    ],
                    "name": "div",
                    "next": null,
                    "parent": [Circular],
                    "prev": Object {
                      "attribs": Object {
                        "class": "za-modal-body",
                      },
                      "children": Array [
                        Object {
                          "attribs": Object {
                            "class": "za-alert",
                          },
                          "children": Array [
                            Object {
                              "data": "这里是警告信息",
                              "next": null,
                              "parent": [Circular],
                              "prev": null,
                              "type": "text",
                            },
                          ],
                          "name": "div",
                          "next": null,
                          "parent": [Circular],
                          "prev": null,
                          "type": "tag",
                        },
                      ],
                      "name": "div",
                      "next": [Circular],
                      "parent": [Circular],
                      "prev": Object {
                        "attribs": Object {
                          "class": "za-modal-header",
                        },
                        "children": Array [
                          Object {
                            "attribs": Object {
                              "class": "za-modal-header-title",
                            },
                            "children": Array [
                              Object {
                                "data": "警告",
                                "next": null,
                                "parent": [Circular],
                                "prev": null,
                                "type": "text",
                              },
                            ],
                            "name": "div",
                            "next": null,
                            "parent": [Circular],
                            "prev": null,
                            "type": "tag",
                          },
                        ],
                        "name": "div",
                        "next": [Circular],
                        "parent": [Circular],
                        "prev": null,
                        "type": "tag",
                      },
                      "type": "tag",
                    },
                    "type": "tag",
                  },
                ],
                "name": "div",
                "next": null,
                "parent": [Circular],
                "prev": null,
                "type": "tag",
              },
            ],
            "name": "div",
            "next": Object {
              "attribs": Object {
                "class": "za-mask normal",
              },
              "children": Array [],
              "name": "div",
              "next": null,
              "parent": [Circular],
              "prev": [Circular],
              "type": "tag",
            },
            "parent": [Circular],
            "prev": null,
            "type": "tag",
          },
          Object {
            "attribs": Object {
              "class": "za-mask normal",
            },
            "children": Array [],
            "name": "div",
            "next": null,
            "parent": [Circular],
            "prev": Object {
              "attribs": Object {
                "class": "za-modal-wrapper",
              },
              "children": Array [
                Object {
                  "attribs": Object {
                    "class": "za-modal-dialog",
                    "style": "width:70%;-webkit-animation-duration:200ms;animation-duration:200ms;",
                  },
                  "children": Array [
                    Object {
                      "attribs": Object {
                        "class": "za-modal-header",
                      },
                      "children": Array [
                        Object {
                          "attribs": Object {
                            "class": "za-modal-header-title",
                          },
                          "children": Array [
                            Object {
                              "data": "警告",
                              "next": null,
                              "parent": [Circular],
                              "prev": null,
                              "type": "text",
                            },
                          ],
                          "name": "div",
                          "next": null,
                          "parent": [Circular],
                          "prev": null,
                          "type": "tag",
                        },
                      ],
                      "name": "div",
                      "next": Object {
                        "attribs": Object {
                          "class": "za-modal-body",
                        },
                        "children": Array [
                          Object {
                            "attribs": Object {
                              "class": "za-alert",
                            },
                            "children": Array [
                              Object {
                                "data": "这里是警告信息",
                                "next": null,
                                "parent": [Circular],
                                "prev": null,
                                "type": "text",
                              },
                            ],
                            "name": "div",
                            "next": null,
                            "parent": [Circular],
                            "prev": null,
                            "type": "tag",
                          },
                        ],
                        "name": "div",
                        "next": Object {
                          "attribs": Object {
                            "class": "za-modal-footer",
                          },
                          "children": Array [
                            Object {
                              "attribs": Object {
                                "aria-disabled": "false",
                                "class": "za-button theme-default block bordered",
                                "role": "button",
                              },
                              "children": Array [
                                Object {
                                  "attribs": Object {},
                                  "children": Array [
                                    Object {
                                      "data": "关闭",
                                      "next": null,
                                      "parent": [Circular],
                                      "prev": null,
                                      "type": "text",
                                    },
                                  ],
                                  "name": "span",
                                  "next": null,
                                  "parent": [Circular],
                                  "prev": null,
                                  "type": "tag",
                                },
                              ],
                              "name": "a",
                              "next": null,
                              "parent": [Circular],
                              "prev": null,
                              "type": "tag",
                            },
                          ],
                          "name": "div",
                          "next": null,
                          "parent": [Circular],
                          "prev": [Circular],
                          "type": "tag",
                        },
                        "parent": [Circular],
                        "prev": [Circular],
                        "type": "tag",
                      },
                      "parent": [Circular],
                      "prev": null,
                      "type": "tag",
                    },
                    Object {
                      "attribs": Object {
                        "class": "za-modal-body",
                      },
                      "children": Array [
                        Object {
                          "attribs": Object {
                            "class": "za-alert",
                          },
                          "children": Array [
                            Object {
                              "data": "这里是警告信息",
                              "next": null,
                              "parent": [Circular],
                              "prev": null,
                              "type": "text",
                            },
                          ],
                          "name": "div",
                          "next": null,
                          "parent": [Circular],
                          "prev": null,
                          "type": "tag",
                        },
                      ],
                      "name": "div",
                      "next": Object {
                        "attribs": Object {
                          "class": "za-modal-footer",
                        },
                        "children": Array [
                          Object {
                            "attribs": Object {
                              "aria-disabled": "false",
                              "class": "za-button theme-default block bordered",
                              "role": "button",
                            },
                            "children": Array [
                              Object {
                                "attribs": Object {},
                                "children": Array [
                                  Object {
                                    "data": "关闭",
                                    "next": null,
                                    "parent": [Circular],
                                    "prev": null,
                                    "type": "text",
                                  },
                                ],
                                "name": "span",
                                "next": null,
                                "parent": [Circular],
                                "prev": null,
                                "type": "tag",
                              },
                            ],
                            "name": "a",
                            "next": null,
                            "parent": [Circular],
                            "prev": null,
                            "type": "tag",
                          },
                        ],
                        "name": "div",
                        "next": null,
                        "parent": [Circular],
                        "prev": [Circular],
                        "type": "tag",
                      },
                      "parent": [Circular],
                      "prev": Object {
                        "attribs": Object {
                          "class": "za-modal-header",
                        },
                        "children": Array [
                          Object {
                            "attribs": Object {
                              "class": "za-modal-header-title",
                            },
                            "children": Array [
                              Object {
                                "data": "警告",
                                "next": null,
                                "parent": [Circular],
                                "prev": null,
                                "type": "text",
                              },
                            ],
                            "name": "div",
                            "next": null,
                            "parent": [Circular],
                            "prev": null,
                            "type": "tag",
                          },
                        ],
                        "name": "div",
                        "next": [Circular],
                        "parent": [Circular],
                        "prev": null,
                        "type": "tag",
                      },
                      "type": "tag",
                    },
                    Object {
                      "attribs": Object {
                        "class": "za-modal-footer",
                      },
                      "children": Array [
                        Object {
                          "attribs": Object {
                            "aria-disabled": "false",
                            "class": "za-button theme-default block bordered",
                            "role": "button",
                          },
                          "children": Array [
                            Object {
                              "attribs": Object {},
                              "children": Array [
                                Object {
                                  "data": "关闭",
                                  "next": null,
                                  "parent": [Circular],
                                  "prev": null,
                                  "type": "text",
                                },
                              ],
                              "name": "span",
                              "next": null,
                              "parent": [Circular],
                              "prev": null,
                              "type": "tag",
                            },
                          ],
                          "name": "a",
                          "next": null,
                          "parent": [Circular],
                          "prev": null,
                          "type": "tag",
                        },
                      ],
                      "name": "div",
                      "next": null,
                      "parent": [Circular],
                      "prev": Object {
                        "attribs": Object {
                          "class": "za-modal-body",
                        },
                        "children": Array [
                          Object {
                            "attribs": Object {
                              "class": "za-alert",
                            },
                            "children": Array [
                              Object {
                                "data": "这里是警告信息",
                                "next": null,
                                "parent": [Circular],
                                "prev": null,
                                "type": "text",
                              },
                            ],
                            "name": "div",
                            "next": null,
                            "parent": [Circular],
                            "prev": null,
                            "type": "tag",
                          },
                        ],
                        "name": "div",
                        "next": [Circular],
                        "parent": [Circular],
                        "prev": Object {
                          "attribs": Object {
                            "class": "za-modal-header",
                          },
                          "children": Array [
                            Object {
                              "attribs": Object {
                                "class": "za-modal-header-title",
                              },
                              "children": Array [
                                Object {
                                  "data": "警告",
                                  "next": null,
                                  "parent": [Circular],
                                  "prev": null,
                                  "type": "text",
                                },
                              ],
                              "name": "div",
                              "next": null,
                              "parent": [Circular],
                              "prev": null,
                              "type": "tag",
                            },
                          ],
                          "name": "div",
                          "next": [Circular],
                          "parent": [Circular],
                          "prev": null,
                          "type": "tag",
                        },
                        "type": "tag",
                      },
                      "type": "tag",
                    },
                  ],
                  "name": "div",
                  "next": null,
                  "parent": [Circular],
                  "prev": null,
                  "type": "tag",
                },
              ],
              "name": "div",
              "next": [Circular],
              "parent": [Circular],
              "prev": null,
              "type": "tag",
            },
            "type": "tag",
          },
        ],
        "name": "div",
        "next": null,
        "parent": null,
        "prev": null,
        "root": [Circular],
        "type": "tag",
      },
    ],
    "name": "root",
    "next": null,
    "parent": null,
    "prev": null,
    "type": "root",
  },
  "_root": [Circular],
  "length": 1,
  "options": Object {
    "decodeEntities": true,
    "normalizeWhitespace": false,
    "withDomLvl1": true,
    "xmlMode": false,
  },
}
`;
