// Jest Snapshot v1, https://goo.gl/fbAQLP

exports[`Modal renders correctly 1`] = `
<Modal
  animationDuration={200}
  animationType="fade"
  onMaskClick={[MockFunction]}
  prefixCls="za-modal"
  shape="radius"
  visible={true}
  width="70%"
>
  <Popup
    animationDuration={200}
    animationType="fade"
    className="za-modal za-modal--radius"
    direction="center"
    onMaskClick={[MockFunction]}
    visible={true}
    width="70%"
  >
    <Portal
      animationDuration={200}
      animationType="fade"
      className="za-modal za-modal--radius"
      direction="center"
      handlePortalUnmount={[Function]}
      mask={true}
      maskType="normal"
      onMaskClick={[MockFunction]}
      prefixCls="za-popup"
      visible={true}
      width="70%"
    >
      <Portal
        containerInfo={
          <div
            class="popup-container"
          >
            <div
              class="za-popup za-modal za-modal--radius za-popup--center za-popup--mask za-popup--hidden"
              role="dialog"
              style="animation-duration: 200ms; display: none;"
            >
              <div
                class="za-popup__wrapper"
                role="document"
                style="width: 70%; animation-duration: 200ms;"
              >
                <div
                  class="za-modal__dialog"
                >
                  <div
                    class="za-modal__header"
                  >
                    <div
                      class="za-modal__header__title"
                    >
                      标题
                    </div>
                    <i
                      class="za-icon za-modal__header__close za-icon-wrong za-icon--theme-default za-icon--size-md"
                      prefixcls="za-icon"
                      theme="default"
                      type="wrong"
                    >
                      <svg
                        fill="currentColor"
                        height="1em"
                        stroke="currentColor"
                        viewBox="0 0 26 26"
                        width="1em"
                      >
                        <path
                          d="M1 1l23.884 23.884m0-23.884L1 24.884"
                          fill="none"
                          fill-rule="evenodd"
                          stroke="currentColor"
                          stroke-width="2.6"
                        />
                      </svg>
                    </i>
                  </div>
                  <div
                    class="za-modal__body"
                  >
                    foo
                  </div>
                </div>
              </div>
            </div>
          </div>
        }
      >
        <div
          className="za-popup za-modal za-modal--radius za-popup--center za-popup--mask za-popup--hidden"
          role="dialog"
          style={
            Object {
              "WebkitAnimationDuration": "200ms",
              "animationDuration": "200ms",
              "display": "none",
            }
          }
        >
          <div
            className="za-popup__wrapper"
            role="document"
            style={
              Object {
                "WebkitAnimationDuration": "200ms",
                "animationDuration": "200ms",
                "width": "70%",
              }
            }
          >
            <div
              className="za-modal__dialog"
            >
              <ModalHeader
                onClose={[MockFunction]}
                prefixCls="za-modal"
                title="标题"
              >
                <div
                  className="za-modal__header"
                >
                  <div
                    className="za-modal__header__title"
                  >
                    标题
                  </div>
                  <Icon
                    className="za-modal__header__close"
                    onClick={[MockFunction]}
                    prefixCls="za-icon"
                    size="md"
                    theme="default"
                    type="wrong"
                  >
                    <i
                      className="za-icon za-modal__header__close za-icon-wrong za-icon--theme-default za-icon--size-md"
                      onClick={[MockFunction]}
                      prefixCls="za-icon"
                      prefixcls="za-icon"
                      size="md"
                      style={Object {}}
                      theme="default"
                      type="wrong"
                    >
                      <SvgWrong>
                        <svg
                          fill="currentColor"
                          height="1em"
                          stroke="currentColor"
                          viewBox="0 0 26 26"
                          width="1em"
                        >
                          <path
                            d="M1 1l23.884 23.884m0-23.884L1 24.884"
                            fill="none"
                            fillRule="evenodd"
                            stroke="currentColor"
                            strokeWidth={2.6}
                          />
                        </svg>
                      </SvgWrong>
                    </i>
                  </Icon>
                </div>
              </ModalHeader>
              <ModalBody
                prefixCls="za-modal"
              >
                <div
                  className="za-modal__body"
                  style={
                    Object {
                      "height": undefined,
                    }
                  }
                >
                  foo
                </div>
              </ModalBody>
            </div>
          </div>
          <Mask
            className=""
            onClick={[Function]}
            prefixCls="za-mask"
            style={
              Object {
                "WebkitAnimationDuration": "200ms",
                "animationDuration": "200ms",
              }
            }
            type="normal"
            visible={false}
          />
        </div>
      </Portal>
    </Portal>
  </Popup>
</Modal>
`;
